// Jest Snapshot v1, https://goo.gl/fbAQLP

exports[`should collect data 1`] = `
Object {
  "collectedEntities": Array [
    Object {
      "_class": Array [
        "Service",
      ],
      "_key": "sentry-service",
      "_rawData": Array [],
      "_type": "sentry_service",
      "category": Array [
        "platform",
      ],
      "createdOn": undefined,
      "displayName": "Sentry",
      "function": Array [
        "project-management",
      ],
      "name": "Sentry",
    },
    Object {
      "_class": Array [
        "Account",
      ],
      "_key": "sentry-organization-4504015469674496",
      "_rawData": Array [
        Object {
          "name": "default",
          "rawData": Object {
            "access": Array [
              "org:read",
              "event:read",
              "member:read",
              "team:read",
              "project:read",
            ],
            "alertsMemberWrite": true,
            "allowJoinRequests": true,
            "allowSharedIssues": true,
            "attachmentsRole": "member",
            "availableRoles": Array [
              Object {
                "id": "billing",
                "name": "Billing",
              },
              Object {
                "id": "member",
                "name": "Member",
              },
              Object {
                "id": "admin",
                "name": "Admin",
              },
              Object {
                "id": "manager",
                "name": "Manager",
              },
              Object {
                "id": "owner",
                "name": "Owner",
              },
            ],
            "avatar": Object {
              "avatarType": "letter_avatar",
              "avatarUuid": null,
            },
            "dataScrubber": false,
            "dataScrubberDefaults": false,
            "dateCreated": "2022-10-20T10:34:10.171163Z",
            "debugFilesRole": "admin",
            "defaultRole": "member",
            "enhancedPrivacy": false,
            "eventsMemberAdmin": true,
            "experiments": Object {
              "MobilePerformanceAdoptionExperiment": 1,
              "OnboardingHighlightWizardExperiment": 1,
            },
            "features": Array [
              "discover-query-builder-as-landing-page",
              "auto-capture-page-load-analytics",
              "symbol-sources",
              "performance-frontend-use-events-endpoint",
              "integrations-deployment",
              "promotion-mobperf-gift50kerr",
              "custom-event-title",
              "org-subdomains",
              "discover-events-rate-limit",
              "new-weekly-report",
              "shared-issues",
              "invite-members-rate-limits",
              "server-side-sampling",
              "enable-zendesk-support",
              "ondemand-budgets",
              "metric-alert-chartcuterie",
              "discover-frontend-use-events-endpoint",
              "performance-issues-ingest",
              "integrations-stacktrace-link",
              "slack-overage-notifications",
              "performance-transaction-name-only-search-indexed",
              "onboarding",
              "auto-start-free-trial",
              "promotion-be-adoption-enabled",
              "event-attachments",
              "mobile-screenshots",
              "metrics-extraction",
              "release-health-drop-sessions",
              "performance-issues-all-events-tab",
              "am2-billing",
              "advanced-search",
              "open-membership",
              "performance-dry-run-mep",
              "alert-crash-free-metrics",
              "widget-viewer-modal",
              "mep-rollout-flag",
              "performance-issues-post-process-group",
              "performance-view",
              "performance-onboarding-checklist",
              "dashboards-top-level-filter",
              "widget-library",
              "performance-issues",
              "minute-resolution-sessions",
              "performance-mep-bannerless-ui",
              "release-health-return-metrics",
              "promotion-mobperf-discount20",
              "dashboards-template",
              "profiling",
              "dynamic-sampling",
              "performance-span-histogram-view",
              "issue-details-owners",
            ],
            "hasAuthProvider": false,
            "id": "4504015469674496",
            "isDefault": false,
            "isEarlyAdopter": false,
            "links": Object {
              "organizationUrl": "https://creativice.sentry.io",
              "regionUrl": "https://us.sentry.io",
            },
            "name": "Creativice",
            "onboardingTasks": Array [
              Object {
                "completionSeen": null,
                "data": Object {},
                "dateCompleted": "2022-10-21T07:55:16.447308Z",
                "status": "pending",
                "task": "setup_second_platform",
                "user": Object {
                  "avatar": Object {
                    "avatarType": "letter_avatar",
                    "avatarUuid": null,
                  },
                  "avatarUrl": "https://secure.gravatar.com/avatar/db625e12dbc01a7c18a1f8176c30c8ad?s=32&d=mm",
                  "dateJoined": "2022-10-20T10:34:10.061119Z",
                  "email": "paul.ilaga@creativice.com",
                  "emails": Array [
                    Object {
                      "email": "paul.ilaga@creativice.com",
                      "id": "2426131",
                      "is_verified": true,
                    },
                  ],
                  "experiments": Object {},
                  "flags": Object {
                    "newsletter_consent_prompt": false,
                  },
                  "has2fa": false,
                  "hasPasswordAuth": true,
                  "id": "2288455",
                  "identities": Array [],
                  "isActive": true,
                  "isManaged": false,
                  "isStaff": false,
                  "isSuperuser": false,
                  "lastActive": "2022-11-21T07:29:05.870478Z",
                  "lastLogin": "2022-11-16T13:46:22.612351Z",
                  "name": "Paul Grant Reyes Ilaga",
                  "options": Object {
                    "clock24Hours": false,
                    "language": "en",
                    "stacktraceOrder": -1,
                    "theme": "light",
                    "timezone": "UTC",
                  },
                  "username": "paul.ilaga@creativice.com",
                },
              },
              Object {
                "completionSeen": "2022-10-21T08:00:51.142427Z",
                "data": Object {},
                "dateCompleted": "2022-10-21T07:51:01.935485Z",
                "status": "complete",
                "task": "create_project",
                "user": Object {
                  "avatar": Object {
                    "avatarType": "letter_avatar",
                    "avatarUuid": null,
                  },
                  "avatarUrl": "https://secure.gravatar.com/avatar/db625e12dbc01a7c18a1f8176c30c8ad?s=32&d=mm",
                  "dateJoined": "2022-10-20T10:34:10.061119Z",
                  "email": "paul.ilaga@creativice.com",
                  "emails": Array [
                    Object {
                      "email": "paul.ilaga@creativice.com",
                      "id": "2426131",
                      "is_verified": true,
                    },
                  ],
                  "experiments": Object {},
                  "flags": Object {
                    "newsletter_consent_prompt": false,
                  },
                  "has2fa": false,
                  "hasPasswordAuth": true,
                  "id": "2288455",
                  "identities": Array [],
                  "isActive": true,
                  "isManaged": false,
                  "isStaff": false,
                  "isSuperuser": false,
                  "lastActive": "2022-11-21T07:29:05.870478Z",
                  "lastLogin": "2022-11-16T13:46:22.612351Z",
                  "name": "Paul Grant Reyes Ilaga",
                  "options": Object {
                    "clock24Hours": false,
                    "language": "en",
                    "stacktraceOrder": -1,
                    "theme": "light",
                    "timezone": "UTC",
                  },
                  "username": "paul.ilaga@creativice.com",
                },
              },
              Object {
                "completionSeen": null,
                "data": Object {
                  "providers": Array [
                    "github",
                  ],
                },
                "dateCompleted": "2022-11-04T07:50:47.985360Z",
                "status": "complete",
                "task": "setup_integrations",
                "user": null,
              },
            ],
            "openMembership": true,
            "orgRole": "owner",
            "orgRoleList": Array [
              Object {
                "allowed": false,
                "desc": "Can manage subscription and billing details.",
                "id": "billing",
                "isAllowed": false,
                "isGlobal": false,
                "isRetired": false,
                "is_global": false,
                "minimumTeamRole": "contributor",
                "name": "Billing",
                "scopes": Array [
                  "org:billing",
                ],
              },
              Object {
                "allowed": false,
                "desc": "Members can view and act on events, as well as view most other data within the organization.",
                "id": "member",
                "isAllowed": false,
                "isGlobal": false,
                "isRetired": false,
                "is_global": false,
                "minimumTeamRole": "contributor",
                "name": "Member",
                "scopes": Array [
                  "event:write",
                  "alerts:write",
                  "event:admin",
                  "project:releases",
                  "org:read",
                  "alerts:read",
                  "event:read",
                  "member:read",
                  "team:read",
                  "project:read",
                ],
              },
              Object {
                "allowed": false,
                "desc": "Admin privileges on any teams of which they're a member. They can create new teams and projects, as well as remove teams and projects on which they already hold membership (or all teams, if open membership is enabled). Additionally, they can manage memberships of teams that they are members of. They cannot invite members to the organization.",
                "id": "admin",
                "isAllowed": false,
                "isGlobal": false,
                "isRetired": false,
                "is_global": false,
                "minimumTeamRole": "admin",
                "name": "Admin",
                "scopes": Array [
                  "project:write",
                  "project:admin",
                  "event:write",
                  "alerts:write",
                  "team:admin",
                  "team:write",
                  "event:admin",
                  "org:read",
                  "project:releases",
                  "org:integrations",
                  "alerts:read",
                  "event:read",
                  "member:read",
                  "team:read",
                  "project:read",
                ],
              },
              Object {
                "allowed": false,
                "desc": "Gains admin access on all teams as well as the ability to add and remove members.",
                "id": "manager",
                "isAllowed": false,
                "isGlobal": true,
                "isRetired": false,
                "is_global": true,
                "minimumTeamRole": "admin",
                "name": "Manager",
                "scopes": Array [
                  "event:write",
                  "org:integrations",
                  "event:admin",
                  "member:admin",
                  "project:releases",
                  "org:read",
                  "org:write",
                  "alerts:read",
                  "event:read",
                  "alerts:write",
                  "team:write",
                  "team:read",
                  "project:write",
                  "project:admin",
                  "member:write",
                  "member:read",
                  "team:admin",
                  "project:read",
                ],
              },
              Object {
                "allowed": false,
                "desc": "Unrestricted access to the organization, its data, and its settings. Can add, modify, and delete projects and members, as well as make billing and plan changes.",
                "id": "owner",
                "isAllowed": false,
                "isGlobal": true,
                "isRetired": false,
                "is_global": true,
                "minimumTeamRole": "admin",
                "name": "Owner",
                "scopes": Array [
                  "org:admin",
                  "event:write",
                  "org:integrations",
                  "org:read",
                  "project:releases",
                  "event:admin",
                  "member:admin",
                  "alerts:read",
                  "org:write",
                  "event:read",
                  "alerts:write",
                  "team:write",
                  "team:read",
                  "project:write",
                  "project:admin",
                  "org:billing",
                  "member:write",
                  "member:read",
                  "team:admin",
                  "project:read",
                ],
              },
            ],
            "pendingAccessRequests": 0,
            "projects": Array [
              Object {
                "dateCreated": "2022-10-21T07:55:16.356420Z",
                "environments": Array [
                  "prod",
                ],
                "eventProcessing": Object {
                  "symbolicationDegraded": false,
                },
                "features": Array [
                  "alert-filters",
                  "minidump",
                  "race-free-group-creation",
                  "similarity-indexing",
                  "similarity-view",
                  "releases",
                ],
                "firstEvent": null,
                "firstTransactionEvent": false,
                "hasAccess": true,
                "hasProfiles": false,
                "hasReplays": false,
                "hasSessions": false,
                "hasUserReports": false,
                "id": "4504020507164672",
                "isBookmarked": false,
                "isMember": true,
                "latestDeploys": null,
                "latestRelease": Object {
                  "version": "checkout-app@3.2",
                },
                "name": "javascript-react",
                "platform": "javascript-react",
                "platforms": Array [
                  "other",
                ],
                "slug": "javascript-react",
                "team": Object {
                  "id": "1879863",
                  "name": "Creativice",
                  "slug": "creativice",
                },
                "teams": Array [
                  Object {
                    "id": "1879863",
                    "name": "Creativice",
                    "slug": "creativice",
                  },
                ],
              },
              Object {
                "dateCreated": "2022-10-21T07:51:01.854963Z",
                "environments": Array [],
                "eventProcessing": Object {
                  "symbolicationDegraded": false,
                },
                "features": Array [
                  "alert-filters",
                  "minidump",
                  "race-free-group-creation",
                  "similarity-indexing",
                  "similarity-view",
                ],
                "firstEvent": null,
                "firstTransactionEvent": false,
                "hasAccess": true,
                "hasProfiles": false,
                "hasReplays": false,
                "hasSessions": false,
                "hasUserReports": false,
                "id": "4504020490452992",
                "isBookmarked": false,
                "isMember": true,
                "latestDeploys": null,
                "latestRelease": null,
                "name": "node",
                "platform": "node",
                "platforms": Array [],
                "slug": "node",
                "team": Object {
                  "id": "1879863",
                  "name": "Creativice",
                  "slug": "creativice",
                },
                "teams": Array [
                  Object {
                    "id": "1879863",
                    "name": "Creativice",
                    "slug": "creativice",
                  },
                ],
              },
            ],
            "quota": Object {
              "accountLimit": 0,
              "maxRate": null,
              "maxRateInterval": 60,
              "projectLimit": 100,
            },
            "relayPiiConfig": null,
            "require2FA": false,
            "requireEmailVerification": false,
            "role": "owner",
            "safeFields": Array [],
            "scrapeJavaScript": true,
            "scrubIPAddresses": false,
            "sensitiveFields": Array [],
            "slug": "creativice",
            "status": Object {
              "id": "active",
              "name": "active",
            },
            "storeCrashReports": 0,
            "teamRoleList": Array [
              Object {
                "allowed": false,
                "desc": "Contributors can view and act on events, as well as view most other data within the team's projects.",
                "id": "contributor",
                "isAllowed": false,
                "isMinimumRoleFor": null,
                "isRetired": false,
                "name": "Contributor",
                "scopes": Array [
                  "event:write",
                  "alerts:write",
                  "event:admin",
                  "project:releases",
                  "org:read",
                  "alerts:read",
                  "event:read",
                  "member:read",
                  "team:read",
                  "project:read",
                ],
              },
              Object {
                "allowed": false,
                "desc": "Admin privileges on the team. They can create and remove projects, and can manage the team's memberships. They cannot invite members to the organization.",
                "id": "admin",
                "isAllowed": false,
                "isMinimumRoleFor": "admin",
                "isRetired": false,
                "name": "Team Admin",
                "scopes": Array [
                  "project:write",
                  "project:admin",
                  "event:write",
                  "alerts:write",
                  "team:admin",
                  "team:write",
                  "event:admin",
                  "org:read",
                  "project:releases",
                  "org:integrations",
                  "alerts:read",
                  "event:read",
                  "member:read",
                  "team:read",
                  "project:read",
                ],
              },
            ],
            "teams": Array [
              Object {
                "avatar": Object {
                  "avatarType": "letter_avatar",
                  "avatarUuid": null,
                },
                "dateCreated": "2022-10-20T10:34:10.185724Z",
                "hasAccess": true,
                "id": "1879863",
                "isMember": true,
                "isPending": false,
                "memberCount": 1,
                "name": "Creativice",
                "slug": "creativice",
                "teamRole": "admin",
              },
            ],
            "trustedRelays": Array [],
          },
        },
      ],
      "_type": "sentry_organization",
      "active": undefined,
      "createdOn": undefined,
      "displayName": "Creativice",
      "id": "4504015469674496",
      "name": "Creativice",
      "slug": "creativice",
    },
    Object {
      "_class": Array [
        "UserGroup",
      ],
      "_key": "sentry-team-1879863",
      "_rawData": Array [
        Object {
          "name": "default",
          "rawData": Object {
            "avatar": Object {
              "avatarType": "letter_avatar",
              "avatarUuid": null,
            },
            "dateCreated": "2022-10-20T10:34:10.185724Z",
            "externalTeams": Array [],
            "hasAccess": true,
            "id": "1879863",
            "isMember": true,
            "isPending": false,
            "memberCount": 1,
            "name": "Creativice",
            "projects": Array [
              Object {
                "avatar": Object {
                  "avatarType": "letter_avatar",
                  "avatarUuid": null,
                },
                "color": "#3fbf4a",
                "dateCreated": "2022-10-21T07:55:16.356420Z",
                "features": Array [
                  "alert-filters",
                  "minidump",
                  "race-free-group-creation",
                  "similarity-indexing",
                  "similarity-view",
                  "releases",
                ],
                "firstEvent": null,
                "firstTransactionEvent": false,
                "hasAccess": true,
                "hasProfiles": false,
                "hasReplays": false,
                "hasSessions": false,
                "id": "4504020507164672",
                "isBookmarked": false,
                "isInternal": false,
                "isMember": true,
                "isPublic": false,
                "name": "javascript-react",
                "platform": "javascript-react",
                "slug": "javascript-react",
                "status": "active",
              },
              Object {
                "avatar": Object {
                  "avatarType": "letter_avatar",
                  "avatarUuid": null,
                },
                "color": "#bf653f",
                "dateCreated": "2022-10-21T07:51:01.854963Z",
                "features": Array [
                  "alert-filters",
                  "minidump",
                  "race-free-group-creation",
                  "similarity-indexing",
                  "similarity-view",
                ],
                "firstEvent": null,
                "firstTransactionEvent": false,
                "hasAccess": true,
                "hasProfiles": false,
                "hasReplays": false,
                "hasSessions": false,
                "id": "4504020490452992",
                "isBookmarked": false,
                "isInternal": false,
                "isMember": true,
                "isPublic": false,
                "name": "node",
                "platform": "node",
                "slug": "node",
                "status": "active",
              },
            ],
            "slug": "creativice",
            "teamRole": "admin",
          },
        },
      ],
      "_type": "sentry_team",
      "createdOn": undefined,
      "displayName": "Creativice",
      "id": "1879863",
      "name": "Creativice",
      "slug": "creativice",
    },
    Object {
      "_class": Array [
        "Project",
      ],
      "_key": "sentry-project-4504020507164672",
      "_rawData": Array [
        Object {
          "name": "default",
          "rawData": Object {
            "dateCreated": "2022-10-21T07:55:16.356420Z",
            "environments": Array [
              "prod",
            ],
            "eventProcessing": Object {
              "symbolicationDegraded": false,
            },
            "features": Array [
              "alert-filters",
              "minidump",
              "race-free-group-creation",
              "similarity-indexing",
              "similarity-view",
              "releases",
            ],
            "firstEvent": null,
            "firstTransactionEvent": false,
            "hasAccess": true,
            "hasProfiles": false,
            "hasReplays": false,
            "hasSessions": false,
            "hasUserReports": false,
            "id": "4504020507164672",
            "isBookmarked": false,
            "isMember": true,
            "latestDeploys": null,
            "latestRelease": Object {
              "version": "checkout-app@3.2",
            },
            "name": "javascript-react",
            "platform": "javascript-react",
            "platforms": Array [
              "other",
            ],
            "slug": "javascript-react",
            "team": Object {
              "id": "1879863",
              "name": "Creativice",
              "slug": "creativice",
            },
            "teams": Array [
              Object {
                "id": "1879863",
                "name": "Creativice",
                "slug": "creativice",
              },
            ],
          },
        },
      ],
      "_type": "sentry_project",
      "createdOn": undefined,
      "displayName": "javascript-react",
      "id": "4504020507164672",
      "name": "javascript-react",
    },
    Object {
      "_class": Array [
        "Project",
      ],
      "_key": "sentry-project-4504020490452992",
      "_rawData": Array [
        Object {
          "name": "default",
          "rawData": Object {
            "dateCreated": "2022-10-21T07:51:01.854963Z",
            "environments": Array [],
            "eventProcessing": Object {
              "symbolicationDegraded": false,
            },
            "features": Array [
              "alert-filters",
              "minidump",
              "race-free-group-creation",
              "similarity-indexing",
              "similarity-view",
            ],
            "firstEvent": null,
            "firstTransactionEvent": false,
            "hasAccess": true,
            "hasProfiles": false,
            "hasReplays": false,
            "hasSessions": false,
            "hasUserReports": false,
            "id": "4504020490452992",
            "isBookmarked": false,
            "isMember": true,
            "latestDeploys": null,
            "latestRelease": null,
            "name": "node",
            "platform": "node",
            "platforms": Array [],
            "slug": "node",
            "team": Object {
              "id": "1879863",
              "name": "Creativice",
              "slug": "creativice",
            },
            "teams": Array [
              Object {
                "id": "1879863",
                "name": "Creativice",
                "slug": "creativice",
              },
            ],
          },
        },
      ],
      "_type": "sentry_project",
      "createdOn": undefined,
      "displayName": "node",
      "id": "4504020490452992",
      "name": "node",
    },
    Object {
      "_class": Array [
        "AccessRole",
      ],
      "_key": "sentry-role:billing",
      "_rawData": Array [
        Object {
          "name": "default",
          "rawData": Object {
            "allowed": false,
            "desc": "Can manage subscription and billing details.",
            "id": "billing",
            "isAllowed": false,
            "isGlobal": false,
            "isRetired": false,
            "is_global": false,
            "minimumTeamRole": "contributor",
            "name": "Billing",
            "scopes": Array [
              "org:billing",
            ],
          },
        },
      ],
      "_type": "sentry_role",
      "allowed": false,
      "createdOn": undefined,
      "desc": "Can manage subscription and billing details.",
      "displayName": "Billing",
      "id": "billing",
      "isAllowed": false,
      "isGlobal": false,
      "isRetired": false,
      "minimumTeamRole": "contributor",
      "name": "Billing",
    },
    Object {
      "_class": Array [
        "AccessRole",
      ],
      "_key": "sentry-role:member",
      "_rawData": Array [
        Object {
          "name": "default",
          "rawData": Object {
            "allowed": false,
            "desc": "Members can view and act on events, as well as view most other data within the organization.",
            "id": "member",
            "isAllowed": false,
            "isGlobal": false,
            "isRetired": false,
            "is_global": false,
            "minimumTeamRole": "contributor",
            "name": "Member",
            "scopes": Array [
              "event:write",
              "alerts:write",
              "event:admin",
              "project:releases",
              "org:read",
              "alerts:read",
              "event:read",
              "member:read",
              "team:read",
              "project:read",
            ],
          },
        },
      ],
      "_type": "sentry_role",
      "allowed": false,
      "createdOn": undefined,
      "desc": "Members can view and act on events, as well as view most other data within the organization.",
      "displayName": "Member",
      "id": "member",
      "isAllowed": false,
      "isGlobal": false,
      "isRetired": false,
      "minimumTeamRole": "contributor",
      "name": "Member",
    },
    Object {
      "_class": Array [
        "AccessRole",
      ],
      "_key": "sentry-role:admin",
      "_rawData": Array [
        Object {
          "name": "default",
          "rawData": Object {
            "allowed": false,
            "desc": "Admin privileges on any teams of which they're a member. They can create new teams and projects, as well as remove teams and projects on which they already hold membership (or all teams, if open membership is enabled). Additionally, they can manage memberships of teams that they are members of. They cannot invite members to the organization.",
            "id": "admin",
            "isAllowed": false,
            "isGlobal": false,
            "isRetired": false,
            "is_global": false,
            "minimumTeamRole": "admin",
            "name": "Admin",
            "scopes": Array [
              "project:write",
              "project:admin",
              "event:write",
              "alerts:write",
              "team:admin",
              "team:write",
              "event:admin",
              "org:read",
              "project:releases",
              "org:integrations",
              "alerts:read",
              "event:read",
              "member:read",
              "team:read",
              "project:read",
            ],
          },
        },
      ],
      "_type": "sentry_role",
      "allowed": false,
      "createdOn": undefined,
      "desc": "Admin privileges on any teams of which they're a member. They can create new teams and projects, as well as remove teams and projects on which they already hold membership (or all teams, if open membership is enabled). Additionally, they can manage memberships of teams that they are members of. They cannot invite members to the organization.",
      "displayName": "Admin",
      "id": "admin",
      "isAllowed": false,
      "isGlobal": false,
      "isRetired": false,
      "minimumTeamRole": "admin",
      "name": "Admin",
    },
    Object {
      "_class": Array [
        "AccessRole",
      ],
      "_key": "sentry-role:manager",
      "_rawData": Array [
        Object {
          "name": "default",
          "rawData": Object {
            "allowed": false,
            "desc": "Gains admin access on all teams as well as the ability to add and remove members.",
            "id": "manager",
            "isAllowed": false,
            "isGlobal": true,
            "isRetired": false,
            "is_global": true,
            "minimumTeamRole": "admin",
            "name": "Manager",
            "scopes": Array [
              "event:write",
              "org:integrations",
              "event:admin",
              "member:admin",
              "project:releases",
              "org:read",
              "org:write",
              "alerts:read",
              "event:read",
              "alerts:write",
              "team:write",
              "team:read",
              "project:write",
              "project:admin",
              "member:write",
              "member:read",
              "team:admin",
              "project:read",
            ],
          },
        },
      ],
      "_type": "sentry_role",
      "allowed": false,
      "createdOn": undefined,
      "desc": "Gains admin access on all teams as well as the ability to add and remove members.",
      "displayName": "Manager",
      "id": "manager",
      "isAllowed": false,
      "isGlobal": true,
      "isRetired": false,
      "minimumTeamRole": "admin",
      "name": "Manager",
    },
    Object {
      "_class": Array [
        "AccessRole",
      ],
      "_key": "sentry-role:owner",
      "_rawData": Array [
        Object {
          "name": "default",
          "rawData": Object {
            "allowed": false,
            "desc": "Unrestricted access to the organization, its data, and its settings. Can add, modify, and delete projects and members, as well as make billing and plan changes.",
            "id": "owner",
            "isAllowed": false,
            "isGlobal": true,
            "isRetired": false,
            "is_global": true,
            "minimumTeamRole": "admin",
            "name": "Owner",
            "scopes": Array [
              "org:admin",
              "event:write",
              "org:integrations",
              "org:read",
              "project:releases",
              "event:admin",
              "member:admin",
              "alerts:read",
              "org:write",
              "event:read",
              "alerts:write",
              "team:write",
              "team:read",
              "project:write",
              "project:admin",
              "org:billing",
              "member:write",
              "member:read",
              "team:admin",
              "project:read",
            ],
          },
        },
      ],
      "_type": "sentry_role",
      "allowed": false,
      "createdOn": undefined,
      "desc": "Unrestricted access to the organization, its data, and its settings. Can add, modify, and delete projects and members, as well as make billing and plan changes.",
      "displayName": "Owner",
      "id": "owner",
      "isAllowed": false,
      "isGlobal": true,
      "isRetired": false,
      "minimumTeamRole": "admin",
      "name": "Owner",
    },
    Object {
      "_class": Array [
        "User",
      ],
      "_key": "sentry-user-11561491",
      "_rawData": Array [
        Object {
          "name": "default",
          "rawData": Object {
            "dateCreated": "2022-10-20T10:34:10.199190Z",
            "email": "paul.ilaga@creativice.com",
            "expired": false,
            "flags": Object {
              "member-limit:restricted": false,
              "sso:invalid": false,
              "sso:linked": false,
            },
            "id": "11561491",
            "inviteStatus": "approved",
            "inviterName": null,
            "name": "Paul Grant Reyes Ilaga",
            "orgRole": "owner",
            "pending": false,
            "role": "owner",
            "roleName": "Owner",
            "user": Object {
              "avatar": Object {
                "avatarType": "letter_avatar",
                "avatarUuid": null,
              },
              "avatarUrl": "https://secure.gravatar.com/avatar/db625e12dbc01a7c18a1f8176c30c8ad?s=32&d=mm",
              "dateJoined": "2022-10-20T10:34:10.061119Z",
              "email": "paul.ilaga@creativice.com",
              "emails": Array [
                Object {
                  "email": "paul.ilaga@creativice.com",
                  "id": "2426131",
                  "is_verified": true,
                },
              ],
              "experiments": Object {},
              "flags": Object {
                "newsletter_consent_prompt": false,
              },
              "has2fa": false,
              "hasPasswordAuth": true,
              "id": "2288455",
              "identities": Array [],
              "isActive": true,
              "isManaged": false,
              "isStaff": false,
              "isSuperuser": false,
              "lastActive": "2022-11-21T07:29:05.870478Z",
              "lastLogin": "2022-11-16T13:46:22.612351Z",
              "name": "Paul Grant Reyes Ilaga",
              "options": Object {
                "clock24Hours": false,
                "language": "en",
                "stacktraceOrder": -1,
                "theme": "light",
                "timezone": "UTC",
              },
              "username": "paul.ilaga@creativice.com",
            },
          },
        },
      ],
      "_type": "sentry_member",
      "active": true,
      "createdOn": 1666262050199,
      "dateJoined": 1666262050061,
      "displayName": "Paul Grant Reyes Ilaga",
      "email": "paul.ilaga@creativice.com",
      "id": "11561491",
      "isManaged": false,
      "isStaff": false,
      "isSuperuser": false,
      "lastActive": 1669015745870,
      "lastLogin": 1668606382612,
      "mfaEnabled": false,
      "name": "Paul Grant Reyes Ilaga",
      "role": "owner",
      "username": "paul.ilaga@creativice.com",
    },
  ],
  "collectedRelationships": Array [
    Object {
      "_class": "HAS",
      "_fromEntityKey": "sentry-organization-4504015469674496",
      "_key": "sentry-organization-4504015469674496|has|sentry-service",
      "_toEntityKey": "sentry-service",
      "_type": "sentry_organization_has_service",
      "displayName": "HAS",
    },
    Object {
      "_class": "HAS",
      "_fromEntityKey": "sentry-organization-4504015469674496",
      "_key": "sentry-organization-4504015469674496|has|sentry-team-1879863",
      "_toEntityKey": "sentry-team-1879863",
      "_type": "sentry_organization_has_team",
      "displayName": "HAS",
    },
    Object {
      "_class": "HAS",
      "_fromEntityKey": "sentry-organization-4504015469674496",
      "_key": "sentry-organization-4504015469674496|has|sentry-project-4504020507164672",
      "_toEntityKey": "sentry-project-4504020507164672",
      "_type": "sentry_organization_has_project",
      "displayName": "HAS",
    },
    Object {
      "_class": "HAS",
      "_fromEntityKey": "sentry-organization-4504015469674496",
      "_key": "sentry-organization-4504015469674496|has|sentry-project-4504020490452992",
      "_toEntityKey": "sentry-project-4504020490452992",
      "_type": "sentry_organization_has_project",
      "displayName": "HAS",
    },
    Object {
      "_class": "ASSIGNED",
      "_fromEntityKey": "sentry-team-1879863",
      "_key": "sentry-team-1879863|assigned|sentry-project-4504020507164672",
      "_toEntityKey": "sentry-project-4504020507164672",
      "_type": "sentry_team_assigned_project",
      "displayName": "ASSIGNED",
    },
    Object {
      "_class": "ASSIGNED",
      "_fromEntityKey": "sentry-team-1879863",
      "_key": "sentry-team-1879863|assigned|sentry-project-4504020490452992",
      "_toEntityKey": "sentry-project-4504020490452992",
      "_type": "sentry_team_assigned_project",
      "displayName": "ASSIGNED",
    },
    Object {
      "_class": "HAS",
      "_fromEntityKey": "sentry-organization-4504015469674496",
      "_key": "sentry-organization-4504015469674496|has|sentry-role:billing",
      "_toEntityKey": "sentry-role:billing",
      "_type": "sentry_organization_has_role",
      "displayName": "HAS",
    },
    Object {
      "_class": "HAS",
      "_fromEntityKey": "sentry-organization-4504015469674496",
      "_key": "sentry-organization-4504015469674496|has|sentry-role:member",
      "_toEntityKey": "sentry-role:member",
      "_type": "sentry_organization_has_role",
      "displayName": "HAS",
    },
    Object {
      "_class": "HAS",
      "_fromEntityKey": "sentry-organization-4504015469674496",
      "_key": "sentry-organization-4504015469674496|has|sentry-role:admin",
      "_toEntityKey": "sentry-role:admin",
      "_type": "sentry_organization_has_role",
      "displayName": "HAS",
    },
    Object {
      "_class": "HAS",
      "_fromEntityKey": "sentry-organization-4504015469674496",
      "_key": "sentry-organization-4504015469674496|has|sentry-role:manager",
      "_toEntityKey": "sentry-role:manager",
      "_type": "sentry_organization_has_role",
      "displayName": "HAS",
    },
    Object {
      "_class": "HAS",
      "_fromEntityKey": "sentry-organization-4504015469674496",
      "_key": "sentry-organization-4504015469674496|has|sentry-role:owner",
      "_toEntityKey": "sentry-role:owner",
      "_type": "sentry_organization_has_role",
      "displayName": "HAS",
    },
    Object {
      "_class": "HAS",
      "_fromEntityKey": "sentry-organization-4504015469674496",
      "_key": "sentry-organization-4504015469674496|has|sentry-user-11561491",
      "_toEntityKey": "sentry-user-11561491",
      "_type": "sentry_organization_has_member",
      "displayName": "HAS",
    },
    Object {
      "_class": "ASSIGNED",
      "_fromEntityKey": "sentry-user-11561491",
      "_key": "sentry-user-11561491|assigned|sentry-role:owner",
      "_toEntityKey": "sentry-role:owner",
      "_type": "sentry_member_assigned_role",
      "displayName": "ASSIGNED",
    },
    Object {
      "_class": "HAS",
      "_fromEntityKey": "sentry-team-1879863",
      "_key": "sentry-team-1879863|has|sentry-user-11561491",
      "_toEntityKey": "sentry-user-11561491",
      "_type": "sentry_team_has_member",
      "displayName": "HAS",
    },
    Object {
      "_class": "HAS",
      "_key": "sentry-organization-4504015469674496|has|FORWARD:webLink=https://github.com/CreativiceTest/travis-ci:_class=CodeRepo",
      "_mapping": Object {
        "relationshipDirection": "FORWARD",
        "sourceEntityKey": "sentry-organization-4504015469674496",
        "targetEntity": Object {
          "_class": "CodeRepo",
          "webLink": "https://github.com/CreativiceTest/travis-ci",
        },
        "targetFilterKeys": Array [
          Array [
            "webLink",
            "_class",
          ],
        ],
      },
      "_type": "sentry_organization_has_repository",
      "displayName": "HAS",
    },
  ],
  "encounteredTypes": Array [
    "sentry_service",
    "sentry_organization",
    "sentry_organization_has_service",
    "sentry_team",
    "sentry_organization_has_team",
    "sentry_project",
    "sentry_organization_has_project",
    "sentry_team_assigned_project",
    "sentry_role",
    "sentry_organization_has_role",
    "sentry_member",
    "sentry_organization_has_member",
    "sentry_member_assigned_role",
    "sentry_team_has_member",
    "sentry_organization_has_repository",
  ],
  "numCollectedEntities": 11,
  "numCollectedRelationships": 15,
}
`;
